2026-03-09 02:25:02,638 - aqt.main - INFO - installer 139724444097408 aqtinstall(aqt) v3.1.21 on Python 3.11.14 [CPython GCC 13.3.0]
2026-03-09 02:25:02,639 - aqt.helper - DEBUG - helper 139724444097408 Attempt to download checksum at https://download.qt.io/online/qtsdkrepository/linux_x64/desktop/qt6_683/qt6_683/Updates.xml.sha256
2026-03-09 02:25:04,044 - aqt.helper - DEBUG - helper 139724444097408 Attempt to download checksum at https://download.qt.io/online/qtsdkrepository/linux_x64/extensions/qtwebengine/683/x86_64/Updates.xml.sha256
2026-03-09 02:25:05,436 - aqt.archives - INFO - archives 139724444097408 Found extension qtwebengine
2026-03-09 02:25:05,436 - aqt.helper - DEBUG - helper 139724444097408 Attempt to download checksum at https://download.qt.io/online/qtsdkrepository/linux_x64/extensions/qtpdf/683/x86_64/Updates.xml.sha256
2026-03-09 02:25:06,702 - aqt.archives - INFO - archives 139724444097408 Found extension qtpdf
2026-03-09 02:25:07,132 - aqt.helper - DEBUG - helper 140614808980352 Attempt to download checksum at https://download.qt.io/online/qtsdkrepository/linux_x64/desktop/qt6_683/qt6_683/qt.qt6.683.linux_gcc_64/6.8.3-0-202503201345qtbase-Linux-RHEL_8_10-GCC-Linux-RHEL_8_10-X86_64.7z.sha256
2026-03-09 02:25:07,134 - aqt.helper - DEBUG - helper 139673812708224 Attempt to download checksum at https://download.qt.io/online/qtsdkrepository/linux_x64/desktop/qt6_683/qt6_683/qt.qt6.683.linux_gcc_64/6.8.3-0-202503201345qtsvg-Linux-RHEL_8_10-GCC-Linux-RHEL_8_10-X86_64.7z.sha256
2026-03-09 02:25:07,144 - aqt.helper - DEBUG - helper 140448624601984 Attempt to download checksum at https://download.qt.io/online/qtsdkrepository/linux_x64/desktop/qt6_683/qt6_683/qt.qt6.683.linux_gcc_64/6.8.3-0-202503201345qtdeclarative-Linux-RHEL_8_10-GCC-Linux-RHEL_8_10-X86_64.7z.sha256
2026-03-09 02:25:07,148 - aqt.helper - DEBUG - helper 139963037752192 Attempt to download checksum at https://download.qt.io/online/qtsdkrepository/linux_x64/desktop/qt6_683/qt6_683/qt.qt6.683.linux_gcc_64/6.8.3-0-202503201345qttools-Linux-RHEL_8_10-GCC-Linux-RHEL_8_10-X86_64.7z.sha256
2026-03-09 02:25:07,783 - aqt.helper - INFO - helper 140614808980352 Downloading qtbase...
2026-03-09 02:25:07,784 - aqt.helper - INFO - helper 139963037752192 Downloading qttools...
2026-03-09 02:25:07,784 - aqt.helper - INFO - helper 139673812708224 Downloading qtsvg...
2026-03-09 02:25:07,785 - aqt.helper - INFO - helper 140448624601984 Downloading qtdeclarative...
2026-03-09 02:25:07,784 - aqt.installer - DEBUG - installer 139963037752192 Download URL: https://download.qt.io/online/qtsdkrepository/linux_x64/desktop/qt6_683/qt6_683/qt.qt6.683.linux_gcc_64/6.8.3-0-202503201345qttools-Linux-RHEL_8_10-GCC-Linux-RHEL_8_10-X86_64.7z
2026-03-09 02:25:07,784 - aqt.installer - DEBUG - installer 140614808980352 Download URL: https://download.qt.io/online/qtsdkrepository/linux_x64/desktop/qt6_683/qt6_683/qt.qt6.683.linux_gcc_64/6.8.3-0-202503201345qtbase-Linux-RHEL_8_10-GCC-Linux-RHEL_8_10-X86_64.7z
2026-03-09 02:25:07,784 - aqt.installer - DEBUG - installer 139673812708224 Download URL: https://download.qt.io/online/qtsdkrepository/linux_x64/desktop/qt6_683/qt6_683/qt.qt6.683.linux_gcc_64/6.8.3-0-202503201345qtsvg-Linux-RHEL_8_10-GCC-Linux-RHEL_8_10-X86_64.7z
2026-03-09 02:25:07,786 - aqt.installer - DEBUG - installer 140448624601984 Download URL: https://download.qt.io/online/qtsdkrepository/linux_x64/desktop/qt6_683/qt6_683/qt.qt6.683.linux_gcc_64/6.8.3-0-202503201345qtdeclarative-Linux-RHEL_8_10-GCC-Linux-RHEL_8_10-X86_64.7z
2026-03-09 02:25:08,425 - aqt.helper - DEBUG - helper 140448624601984 Asked to redirect(302) to: https://qt.mirror.constant.com/online/qtsdkrepository/linux_x64/desktop/qt6_683/qt6_683/qt.qt6.683.linux_gcc_64/6.8.3-0-202503201345qtdeclarative-Linux-RHEL_8_10-GCC-Linux-RHEL_8_10-X86_64.7z
2026-03-09 02:25:08,425 - aqt.helper - INFO - helper 140448624601984 Redirected: qt.mirror.constant.com
2026-03-09 02:25:08,432 - aqt.helper - DEBUG - helper 140614808980352 Asked to redirect(302) to: https://qt.mirror.constant.com/online/qtsdkrepository/linux_x64/desktop/qt6_683/qt6_683/qt.qt6.683.linux_gcc_64/6.8.3-0-202503201345qtbase-Linux-RHEL_8_10-GCC-Linux-RHEL_8_10-X86_64.7z
2026-03-09 02:25:08,433 - aqt.helper - INFO - helper 140614808980352 Redirected: qt.mirror.constant.com
2026-03-09 02:25:08,446 - aqt.helper - DEBUG - helper 139673812708224 Asked to redirect(302) to: https://qt.mirror.constant.com/online/qtsdkrepository/linux_x64/desktop/qt6_683/qt6_683/qt.qt6.683.linux_gcc_64/6.8.3-0-202503201345qtsvg-Linux-RHEL_8_10-GCC-Linux-RHEL_8_10-X86_64.7z
2026-03-09 02:25:08,446 - aqt.helper - INFO - helper 139673812708224 Redirected: qt.mirror.constant.com
2026-03-09 02:25:08,468 - aqt.helper - DEBUG - helper 139963037752192 Asked to redirect(302) to: https://qt.mirror.constant.com/online/qtsdkrepository/linux_x64/desktop/qt6_683/qt6_683/qt.qt6.683.linux_gcc_64/6.8.3-0-202503201345qttools-Linux-RHEL_8_10-GCC-Linux-RHEL_8_10-X86_64.7z
2026-03-09 02:25:08,468 - aqt.helper - INFO - helper 139963037752192 Redirected: qt.mirror.constant.com
2026-03-09 02:25:08,992 - aqt.installer - INFO - installer 139673812708224 Finished installation of qtsvg-Linux-RHEL_8_10-GCC-Linux-RHEL_8_10-X86_64.7z in 1.86035110
2026-03-09 02:25:09,002 - aqt.helper - DEBUG - helper 139673812708224 Attempt to download checksum at https://download.qt.io/online/qtsdkrepository/linux_x64/desktop/qt6_683/qt6_683/qt.qt6.683.linux_gcc_64/6.8.3-0-202503201345qttranslations-Linux-RHEL_8_10-GCC-Linux-RHEL_8_10-X86_64.7z.sha256
2026-03-09 02:25:09,646 - aqt.helper - INFO - helper 139673812708224 Downloading qttranslations...
2026-03-09 02:25:09,647 - aqt.installer - DEBUG - installer 139673812708224 Download URL: https://download.qt.io/online/qtsdkrepository/linux_x64/desktop/qt6_683/qt6_683/qt.qt6.683.linux_gcc_64/6.8.3-0-202503201345qttranslations-Linux-RHEL_8_10-GCC-Linux-RHEL_8_10-X86_64.7z
2026-03-09 02:25:10,290 - aqt.helper - DEBUG - helper 139673812708224 Asked to redirect(302) to: https://qt.mirror.constant.com/online/qtsdkrepository/linux_x64/desktop/qt6_683/qt6_683/qt.qt6.683.linux_gcc_64/6.8.3-0-202503201345qttranslations-Linux-RHEL_8_10-GCC-Linux-RHEL_8_10-X86_64.7z
2026-03-09 02:25:10,291 - aqt.helper - INFO - helper 139673812708224 Redirected: qt.mirror.constant.com
2026-03-09 02:25:11,182 - aqt.installer - INFO - installer 139673812708224 Finished installation of qttranslations-Linux-RHEL_8_10-GCC-Linux-RHEL_8_10-X86_64.7z in 2.18159564
2026-03-09 02:25:11,198 - aqt.helper - DEBUG - helper 139673812708224 Attempt to download checksum at https://download.qt.io/online/qtsdkrepository/linux_x64/desktop/qt6_683/qt6_683/qt.qt6.683.linux_gcc_64/6.8.3-0-202503201345qtwayland-Linux-RHEL_8_10-GCC-Linux-RHEL_8_10-X86_64.7z.sha256
2026-03-09 02:25:11,838 - aqt.helper - INFO - helper 139673812708224 Downloading qtwayland...
2026-03-09 02:25:11,839 - aqt.installer - DEBUG - installer 139673812708224 Download URL: https://download.qt.io/online/qtsdkrepository/linux_x64/desktop/qt6_683/qt6_683/qt.qt6.683.linux_gcc_64/6.8.3-0-202503201345qtwayland-Linux-RHEL_8_10-GCC-Linux-RHEL_8_10-X86_64.7z
2026-03-09 02:25:12,054 - aqt.installer - INFO - installer 140614808980352 Finished installation of qtbase-Linux-RHEL_8_10-GCC-Linux-RHEL_8_10-X86_64.7z in 4.92336882
2026-03-09 02:25:12,067 - aqt.helper - DEBUG - helper 140614808980352 Attempt to download checksum at https://download.qt.io/online/qtsdkrepository/linux_x64/desktop/qt6_683/qt6_683/qt.qt6.683.linux_gcc_64/6.8.3-0-202503201345icu-linux-Rhel8.6-x86_64.7z.sha256
2026-03-09 02:25:12,625 - aqt.helper - DEBUG - helper 139673812708224 Asked to redirect(302) to: https://qt.mirror.constant.com/online/qtsdkrepository/linux_x64/desktop/qt6_683/qt6_683/qt.qt6.683.linux_gcc_64/6.8.3-0-202503201345qtwayland-Linux-RHEL_8_10-GCC-Linux-RHEL_8_10-X86_64.7z
2026-03-09 02:25:12,626 - aqt.helper - INFO - helper 139673812708224 Redirected: qt.mirror.constant.com
2026-03-09 02:25:12,836 - aqt.installer - INFO - installer 139963037752192 Finished installation of qttools-Linux-RHEL_8_10-GCC-Linux-RHEL_8_10-X86_64.7z in 5.68962364
2026-03-09 02:25:12,853 - aqt.helper - INFO - helper 140614808980352 Downloading icu...
2026-03-09 02:25:12,853 - aqt.installer - DEBUG - installer 140614808980352 Download URL: https://download.qt.io/online/qtsdkrepository/linux_x64/desktop/qt6_683/qt6_683/qt.qt6.683.linux_gcc_64/6.8.3-0-202503201345icu-linux-Rhel8.6-x86_64.7z
2026-03-09 02:25:13,290 - aqt.installer - INFO - installer 139673812708224 Finished installation of qtwayland-Linux-RHEL_8_10-GCC-Linux-RHEL_8_10-X86_64.7z in 2.09384394
2026-03-09 02:25:13,472 - aqt.helper - DEBUG - helper 140614808980352 Asked to redirect(302) to: https://qt.mirror.constant.com/online/qtsdkrepository/linux_x64/desktop/qt6_683/qt6_683/qt.qt6.683.linux_gcc_64/6.8.3-0-202503201345icu-linux-Rhel8.6-x86_64.7z
2026-03-09 02:25:13,472 - aqt.helper - INFO - helper 140614808980352 Redirected: qt.mirror.constant.com
2026-03-09 02:25:14,929 - aqt.installer - INFO - installer 140614808980352 Finished installation of icu-linux-Rhel8.6-x86_64.7z in 2.86281737
2026-03-09 02:25:22,302 - aqt.installer - INFO - installer 140448624601984 Finished installation of qtdeclarative-Linux-RHEL_8_10-GCC-Linux-RHEL_8_10-X86_64.7z in 15.16000177
2026-03-09 02:25:22,374 - aqt.updater - INFO - updater 139724444097408 Patching /home/runner/work/FreeCAD/Qt/6.8.3/gcc_64/bin/qmake
2026-03-09 02:25:22,378 - aqt.updater - INFO - updater 139724444097408 Patching /home/runner/work/FreeCAD/Qt/6.8.3/gcc_64/lib/pkgconfig/Qt6QuickDialogs2.pc
2026-03-09 02:25:22,378 - aqt.updater - INFO - updater 139724444097408 Patching /home/runner/work/FreeCAD/Qt/6.8.3/gcc_64/lib/pkgconfig/Qt6UiPlugin.pc
2026-03-09 02:25:22,378 - aqt.updater - INFO - updater 139724444097408 Patching /home/runner/work/FreeCAD/Qt/6.8.3/gcc_64/lib/pkgconfig/Qt6Help.pc
2026-03-09 02:25:22,378 - aqt.updater - INFO - updater 139724444097408 Patching /home/runner/work/FreeCAD/Qt/6.8.3/gcc_64/lib/pkgconfig/Qt6QuickControls2Basic.pc
2026-03-09 02:25:22,378 - aqt.updater - INFO - updater 139724444097408 Patching /home/runner/work/FreeCAD/Qt/6.8.3/gcc_64/lib/pkgconfig/Qt6QmlNetwork.pc
2026-03-09 02:25:22,378 - aqt.updater - INFO - updater 139724444097408 Patching /home/runner/work/FreeCAD/Qt/6.8.3/gcc_64/lib/pkgconfig/Qt6Sql.pc
2026-03-09 02:25:22,379 - aqt.updater - INFO - updater 139724444097408 Patching /home/runner/work/FreeCAD/Qt/6.8.3/gcc_64/lib/pkgconfig/Qt6Core.pc
2026-03-09 02:25:22,379 - aqt.updater - INFO - updater 139724444097408 Patching /home/runner/work/FreeCAD/Qt/6.8.3/gcc_64/lib/pkgconfig/Qt6QuickWidgets.pc
2026-03-09 02:25:22,379 - aqt.updater - INFO - updater 139724444097408 Patching /home/runner/work/FreeCAD/Qt/6.8.3/gcc_64/lib/pkgconfig/Qt6Qml.pc
2026-03-09 02:25:22,379 - aqt.updater - INFO - updater 139724444097408 Patching /home/runner/work/FreeCAD/Qt/6.8.3/gcc_64/lib/pkgconfig/Qt6QuickControls2BasicStyleImpl.pc
2026-03-09 02:25:22,379 - aqt.updater - INFO - updater 139724444097408 Patching /home/runner/work/FreeCAD/Qt/6.8.3/gcc_64/lib/pkgconfig/Qt6QuickTemplates2.pc
2026-03-09 02:25:22,379 - aqt.updater - INFO - updater 139724444097408 Patching /home/runner/work/FreeCAD/Qt/6.8.3/gcc_64/lib/pkgconfig/Qt6LabsQmlModels.pc
2026-03-09 02:25:22,379 - aqt.updater - INFO - updater 139724444097408 Patching /home/runner/work/FreeCAD/Qt/6.8.3/gcc_64/lib/pkgconfig/Qt6QmlAssetDownloader.pc
2026-03-09 02:25:22,380 - aqt.updater - INFO - updater 139724444097408 Patching /home/runner/work/FreeCAD/Qt/6.8.3/gcc_64/lib/pkgconfig/Qt6QmlWorkerScript.pc
2026-03-09 02:25:22,380 - aqt.updater - INFO - updater 139724444097408 Patching /home/runner/work/FreeCAD/Qt/6.8.3/gcc_64/lib/pkgconfig/Qt6LabsSharedImage.pc
2026-03-09 02:25:22,380 - aqt.updater - INFO - updater 139724444097408 Patching /home/runner/work/FreeCAD/Qt/6.8.3/gcc_64/lib/pkgconfig/Qt6LabsAnimation.pc
2026-03-09 02:25:22,380 - aqt.updater - INFO - updater 139724444097408 Patching /home/runner/work/FreeCAD/Qt/6.8.3/gcc_64/lib/pkgconfig/Qt6LabsSettings.pc
2026-03-09 02:25:22,380 - aqt.updater - INFO - updater 139724444097408 Patching /home/runner/work/FreeCAD/Qt/6.8.3/gcc_64/lib/pkgconfig/Qt6QuickControls2Material.pc
2026-03-09 02:25:22,380 - aqt.updater - INFO - updater 139724444097408 Patching /home/runner/work/FreeCAD/Qt/6.8.3/gcc_64/lib/pkgconfig/Qt6QmlMeta.pc
2026-03-09 02:25:22,381 - aqt.updater - INFO - updater 139724444097408 Patching /home/runner/work/FreeCAD/Qt/6.8.3/gcc_64/lib/pkgconfig/Qt6Quick.pc
2026-03-09 02:25:22,381 - aqt.updater - INFO - updater 139724444097408 Patching /home/runner/work/FreeCAD/Qt/6.8.3/gcc_64/lib/pkgconfig/Qt6QuickLayouts.pc
2026-03-09 02:25:22,381 - aqt.updater - INFO - updater 139724444097408 Patching /home/runner/work/FreeCAD/Qt/6.8.3/gcc_64/lib/pkgconfig/Qt6Designer.pc
2026-03-09 02:25:22,381 - aqt.updater - INFO - updater 139724444097408 Patching /home/runner/work/FreeCAD/Qt/6.8.3/gcc_64/lib/pkgconfig/Qt6DBus.pc
2026-03-09 02:25:22,381 - aqt.updater - INFO - updater 139724444097408 Patching /home/runner/work/FreeCAD/Qt/6.8.3/gcc_64/lib/pkgconfig/Qt6QmlLocalStorage.pc
2026-03-09 02:25:22,381 - aqt.updater - INFO - updater 139724444097408 Patching /home/runner/work/FreeCAD/Qt/6.8.3/gcc_64/lib/pkgconfig/Qt6Widgets.pc
2026-03-09 02:25:22,381 - aqt.updater - INFO - updater 139724444097408 Patching /home/runner/work/FreeCAD/Qt/6.8.3/gcc_64/lib/pkgconfig/Qt6QuickControls2UniversalStyleImpl.pc
2026-03-09 02:25:22,382 - aqt.updater - INFO - updater 139724444097408 Patching /home/runner/work/FreeCAD/Qt/6.8.3/gcc_64/lib/pkgconfig/Qt6QuickControls2Universal.pc
2026-03-09 02:25:22,382 - aqt.updater - INFO - updater 139724444097408 Patching /home/runner/work/FreeCAD/Qt/6.8.3/gcc_64/lib/pkgconfig/Qt6OpenGL.pc
2026-03-09 02:25:22,382 - aqt.updater - INFO - updater 139724444097408 Patching /home/runner/work/FreeCAD/Qt/6.8.3/gcc_64/lib/pkgconfig/Qt6Svg.pc
2026-03-09 02:25:22,382 - aqt.updater - INFO - updater 139724444097408 Patching /home/runner/work/FreeCAD/Qt/6.8.3/gcc_64/lib/pkgconfig/Qt6Linguist.pc
2026-03-09 02:25:22,382 - aqt.updater - INFO - updater 139724444097408 Patching /home/runner/work/FreeCAD/Qt/6.8.3/gcc_64/lib/pkgconfig/Qt6Gui.pc
2026-03-09 02:25:22,382 - aqt.updater - INFO - updater 139724444097408 Patching /home/runner/work/FreeCAD/Qt/6.8.3/gcc_64/lib/pkgconfig/Qt6Concurrent.pc
2026-03-09 02:25:22,382 - aqt.updater - INFO - updater 139724444097408 Patching /home/runner/work/FreeCAD/Qt/6.8.3/gcc_64/lib/pkgconfig/Qt6QuickTest.pc
2026-03-09 02:25:22,383 - aqt.updater - INFO - updater 139724444097408 Patching /home/runner/work/FreeCAD/Qt/6.8.3/gcc_64/lib/pkgconfig/Qt6Test.pc
2026-03-09 02:25:22,383 - aqt.updater - INFO - updater 139724444097408 Patching /home/runner/work/FreeCAD/Qt/6.8.3/gcc_64/lib/pkgconfig/Qt6QuickDialogs2Utils.pc
2026-03-09 02:25:22,383 - aqt.updater - INFO - updater 139724444097408 Patching /home/runner/work/FreeCAD/Qt/6.8.3/gcc_64/lib/pkgconfig/Qt6QuickControls2Impl.pc
2026-03-09 02:25:22,383 - aqt.updater - INFO - updater 139724444097408 Patching /home/runner/work/FreeCAD/Qt/6.8.3/gcc_64/lib/pkgconfig/Qt6QuickControls2.pc
2026-03-09 02:25:22,383 - aqt.updater - INFO - updater 139724444097408 Patching /home/runner/work/FreeCAD/Qt/6.8.3/gcc_64/lib/pkgconfig/Qt6PrintSupport.pc
2026-03-09 02:25:22,383 - aqt.updater - INFO - updater 139724444097408 Patching /home/runner/work/FreeCAD/Qt/6.8.3/gcc_64/lib/pkgconfig/Qt6QmlCompiler.pc
2026-03-09 02:25:22,383 - aqt.updater - INFO - updater 139724444097408 Patching /home/runner/work/FreeCAD/Qt/6.8.3/gcc_64/lib/pkgconfig/Qt6QmlCore.pc
2026-03-09 02:25:22,384 - aqt.updater - INFO - updater 139724444097408 Patching /home/runner/work/FreeCAD/Qt/6.8.3/gcc_64/lib/pkgconfig/Qt6QuickVectorImage.pc
2026-03-09 02:25:22,384 - aqt.updater - INFO - updater 139724444097408 Patching /home/runner/work/FreeCAD/Qt/6.8.3/gcc_64/lib/pkgconfig/Qt6QmlIntegration.pc
2026-03-09 02:25:22,384 - aqt.updater - INFO - updater 139724444097408 Patching /home/runner/work/FreeCAD/Qt/6.8.3/gcc_64/lib/pkgconfig/Qt6QmlModels.pc
2026-03-09 02:25:22,384 - aqt.updater - INFO - updater 139724444097408 Patching /home/runner/work/FreeCAD/Qt/6.8.3/gcc_64/lib/pkgconfig/Qt6LabsPlatform.pc
2026-03-09 02:25:22,384 - aqt.updater - INFO - updater 139724444097408 Patching /home/runner/work/FreeCAD/Qt/6.8.3/gcc_64/lib/pkgconfig/Qt6Platform.pc
2026-03-09 02:25:22,384 - aqt.updater - INFO - updater 139724444097408 Patching /home/runner/work/FreeCAD/Qt/6.8.3/gcc_64/lib/pkgconfig/Qt6QuickControls2FusionStyleImpl.pc
2026-03-09 02:25:22,384 - aqt.updater - INFO - updater 139724444097408 Patching /home/runner/work/FreeCAD/Qt/6.8.3/gcc_64/lib/pkgconfig/Qt6WaylandClient.pc
2026-03-09 02:25:22,385 - aqt.updater - INFO - updater 139724444097408 Patching /home/runner/work/FreeCAD/Qt/6.8.3/gcc_64/lib/pkgconfig/Qt6LabsWavefrontMesh.pc
2026-03-09 02:25:22,385 - aqt.updater - INFO - updater 139724444097408 Patching /home/runner/work/FreeCAD/Qt/6.8.3/gcc_64/lib/pkgconfig/Qt6QuickControls2Fusion.pc
2026-03-09 02:25:22,385 - aqt.updater - INFO - updater 139724444097408 Patching /home/runner/work/FreeCAD/Qt/6.8.3/gcc_64/lib/pkgconfig/Qt6QuickControls2Imagine.pc
2026-03-09 02:25:22,385 - aqt.updater - INFO - updater 139724444097408 Patching /home/runner/work/FreeCAD/Qt/6.8.3/gcc_64/lib/pkgconfig/Qt6UiTools.pc
2026-03-09 02:25:22,385 - aqt.updater - INFO - updater 139724444097408 Patching /home/runner/work/FreeCAD/Qt/6.8.3/gcc_64/lib/pkgconfig/Qt6QuickControls2ImagineStyleImpl.pc
2026-03-09 02:25:22,385 - aqt.updater - INFO - updater 139724444097408 Patching /home/runner/work/FreeCAD/Qt/6.8.3/gcc_64/lib/pkgconfig/Qt6QuickControls2FluentWinUI3StyleImpl.pc
2026-03-09 02:25:22,386 - aqt.updater - INFO - updater 139724444097408 Patching /home/runner/work/FreeCAD/Qt/6.8.3/gcc_64/lib/pkgconfig/Qt6QuickControls2MaterialStyleImpl.pc
2026-03-09 02:25:22,386 - aqt.updater - INFO - updater 139724444097408 Patching /home/runner/work/FreeCAD/Qt/6.8.3/gcc_64/lib/pkgconfig/Qt6Network.pc
2026-03-09 02:25:22,386 - aqt.updater - INFO - updater 139724444097408 Patching /home/runner/work/FreeCAD/Qt/6.8.3/gcc_64/lib/pkgconfig/Qt6OpenGLWidgets.pc
2026-03-09 02:25:22,386 - aqt.updater - INFO - updater 139724444097408 Patching /home/runner/work/FreeCAD/Qt/6.8.3/gcc_64/lib/pkgconfig/Qt6QuickDialogs2QuickImpl.pc
2026-03-09 02:25:22,386 - aqt.updater - INFO - updater 139724444097408 Patching /home/runner/work/FreeCAD/Qt/6.8.3/gcc_64/lib/pkgconfig/Qt6SvgWidgets.pc
2026-03-09 02:25:22,386 - aqt.updater - INFO - updater 139724444097408 Patching /home/runner/work/FreeCAD/Qt/6.8.3/gcc_64/lib/pkgconfig/Qt6LabsFolderListModel.pc
2026-03-09 02:25:22,386 - aqt.updater - INFO - updater 139724444097408 Patching /home/runner/work/FreeCAD/Qt/6.8.3/gcc_64/lib/pkgconfig/Qt6QmlXmlListModel.pc
2026-03-09 02:25:22,387 - aqt.updater - INFO - updater 139724444097408 Patching /home/runner/work/FreeCAD/Qt/6.8.3/gcc_64/lib/pkgconfig/Qt6Xml.pc
2026-03-09 02:25:22,387 - aqt.updater - INFO - updater 139724444097408 Patching /home/runner/work/FreeCAD/Qt/6.8.3/gcc_64/lib/libQt6EglFsKmsSupport.prl
2026-03-09 02:25:22,387 - aqt.updater - INFO - updater 139724444097408 Patching /home/runner/work/FreeCAD/Qt/6.8.3/gcc_64/lib/libQt6EglFSDeviceIntegration.prl
2026-03-09 02:25:22,388 - aqt.updater - INFO - updater 139724444097408 Patching /home/runner/work/FreeCAD/Qt/6.8.3/gcc_64/lib/libQt6QuickTestUtils.prl
2026-03-09 02:25:22,388 - aqt.updater - INFO - updater 139724444097408 Patching /home/runner/work/FreeCAD/Qt/6.8.3/gcc_64/lib/libQt6Quick.prl
2026-03-09 02:25:22,388 - aqt.updater - INFO - updater 139724444097408 Patching /home/runner/work/FreeCAD/Qt/6.8.3/gcc_64/lib/libQt6LabsFolderListModel.prl
2026-03-09 02:25:22,388 - aqt.updater - INFO - updater 139724444097408 Patching /home/runner/work/FreeCAD/Qt/6.8.3/gcc_64/lib/libQt6Svg.prl
2026-03-09 02:25:22,388 - aqt.updater - INFO - updater 139724444097408 Patching /home/runner/work/FreeCAD/Qt/6.8.3/gcc_64/lib/libQt6QmlLocalStorage.prl
2026-03-09 02:25:22,388 - aqt.updater - INFO - updater 139724444097408 Patching /home/runner/work/FreeCAD/Qt/6.8.3/gcc_64/lib/libQt6WaylandClient.prl
2026-03-09 02:25:22,389 - aqt.updater - INFO - updater 139724444097408 Patching /home/runner/work/FreeCAD/Qt/6.8.3/gcc_64/lib/libQt6XcbQpa.prl
2026-03-09 02:25:22,389 - aqt.updater - INFO - updater 139724444097408 Patching /home/runner/work/FreeCAD/Qt/6.8.3/gcc_64/lib/libQt6Help.prl
2026-03-09 02:25:22,389 - aqt.updater - INFO - updater 139724444097408 Patching /home/runner/work/FreeCAD/Qt/6.8.3/gcc_64/lib/libQt6QuickTest.prl
2026-03-09 02:25:22,389 - aqt.updater - INFO - updater 139724444097408 Patching /home/runner/work/FreeCAD/Qt/6.8.3/gcc_64/lib/libQt6ExampleIcons.prl
2026-03-09 02:25:22,389 - aqt.updater - INFO - updater 139724444097408 Patching /home/runner/work/FreeCAD/Qt/6.8.3/gcc_64/lib/libQt6QmlNetwork.prl
2026-03-09 02:25:22,389 - aqt.updater - INFO - updater 139724444097408 Patching /home/runner/work/FreeCAD/Qt/6.8.3/gcc_64/lib/libQt6QuickControlsTestUtils.prl
2026-03-09 02:25:22,389 - aqt.updater - INFO - updater 139724444097408 Patching /home/runner/work/FreeCAD/Qt/6.8.3/gcc_64/lib/libQt6LabsPlatform.prl
2026-03-09 02:25:22,390 - aqt.updater - INFO - updater 139724444097408 Patching /home/runner/work/FreeCAD/Qt/6.8.3/gcc_64/lib/libQt6LabsQmlModels.prl
2026-03-09 02:25:22,390 - aqt.updater - INFO - updater 139724444097408 Patching /home/runner/work/FreeCAD/Qt/6.8.3/gcc_64/lib/libQt6QuickDialogs2.prl
2026-03-09 02:25:22,390 - aqt.updater - INFO - updater 139724444097408 Patching /home/runner/work/FreeCAD/Qt/6.8.3/gcc_64/lib/libQt6ExamplesAssetDownloader.prl
2026-03-09 02:25:22,390 - aqt.updater - INFO - updater 139724444097408 Patching /home/runner/work/FreeCAD/Qt/6.8.3/gcc_64/lib/libQt6Qml.prl
2026-03-09 02:25:22,390 - aqt.updater - INFO - updater 139724444097408 Patching /home/runner/work/FreeCAD/Qt/6.8.3/gcc_64/lib/libQt6QuickControls2FluentWinUI3StyleImpl.prl
2026-03-09 02:25:22,390 - aqt.updater - INFO - updater 139724444097408 Patching /home/runner/work/FreeCAD/Qt/6.8.3/gcc_64/lib/libQt6QmlAssetDownloader.prl
2026-03-09 02:25:22,390 - aqt.updater - INFO - updater 139724444097408 Patching /home/runner/work/FreeCAD/Qt/6.8.3/gcc_64/lib/libQt6Widgets.prl
2026-03-09 02:25:22,391 - aqt.updater - INFO - updater 139724444097408 Patching /home/runner/work/FreeCAD/Qt/6.8.3/gcc_64/lib/libQt6QuickShapes.prl
2026-03-09 02:25:22,391 - aqt.updater - INFO - updater 139724444097408 Patching /home/runner/work/FreeCAD/Qt/6.8.3/gcc_64/lib/libQt6QuickWidgets.prl
2026-03-09 02:25:22,391 - aqt.updater - INFO - updater 139724444097408 Patching /home/runner/work/FreeCAD/Qt/6.8.3/gcc_64/lib/libQt6SvgWidgets.prl
2026-03-09 02:25:22,391 - aqt.updater - INFO - updater 139724444097408 Patching /home/runner/work/FreeCAD/Qt/6.8.3/gcc_64/lib/libQt6QuickDialogs2QuickImpl.prl
2026-03-09 02:25:22,391 - aqt.updater - INFO - updater 139724444097408 Patching /home/runner/work/FreeCAD/Qt/6.8.3/gcc_64/lib/libQt6Sql.prl
2026-03-09 02:25:22,391 - aqt.updater - INFO - updater 139724444097408 Patching /home/runner/work/FreeCAD/Qt/6.8.3/gcc_64/lib/libQt6QmlCore.prl
2026-03-09 02:25:22,391 - aqt.updater - INFO - updater 139724444097408 Patching /home/runner/work/FreeCAD/Qt/6.8.3/gcc_64/lib/libQt6QuickControls2ImagineStyleImpl.prl
2026-03-09 02:25:22,392 - aqt.updater - INFO - updater 139724444097408 Patching /home/runner/work/FreeCAD/Qt/6.8.3/gcc_64/lib/libQt6Concurrent.prl
2026-03-09 02:25:22,392 - aqt.updater - INFO - updater 139724444097408 Patching /home/runner/work/FreeCAD/Qt/6.8.3/gcc_64/lib/libQt6QuickControls2Imagine.prl
2026-03-09 02:25:22,392 - aqt.updater - INFO - updater 139724444097408 Patching /home/runner/work/FreeCAD/Qt/6.8.3/gcc_64/lib/libQt6QuickEffects.prl
2026-03-09 02:25:22,392 - aqt.updater - INFO - updater 139724444097408 Patching /home/runner/work/FreeCAD/Qt/6.8.3/gcc_64/lib/libQt6QmlMeta.prl
2026-03-09 02:25:22,392 - aqt.updater - INFO - updater 139724444097408 Patching /home/runner/work/FreeCAD/Qt/6.8.3/gcc_64/lib/libQt6QmlWorkerScript.prl
2026-03-09 02:25:22,392 - aqt.updater - INFO - updater 139724444097408 Patching /home/runner/work/FreeCAD/Qt/6.8.3/gcc_64/lib/libQt6UiTools.prl
2026-03-09 02:25:22,392 - aqt.updater - INFO - updater 139724444097408 Patching /home/runner/work/FreeCAD/Qt/6.8.3/gcc_64/lib/libQt6QuickControls2Fusion.prl
2026-03-09 02:25:22,393 - aqt.updater - INFO - updater 139724444097408 Patching /home/runner/work/FreeCAD/Qt/6.8.3/gcc_64/lib/libQt6Xml.prl
2026-03-09 02:25:22,393 - aqt.updater - INFO - updater 139724444097408 Patching /home/runner/work/FreeCAD/Qt/6.8.3/gcc_64/lib/libQt6QmlToolingSettings.prl
2026-03-09 02:25:22,393 - aqt.updater - INFO - updater 139724444097408 Patching /home/runner/work/FreeCAD/Qt/6.8.3/gcc_64/lib/libQt6PacketProtocol.prl
2026-03-09 02:25:22,393 - aqt.updater - INFO - updater 139724444097408 Patching /home/runner/work/FreeCAD/Qt/6.8.3/gcc_64/lib/libQt6QmlLS.prl
2026-03-09 02:25:22,393 - aqt.updater - INFO - updater 139724444097408 Patching /home/runner/work/FreeCAD/Qt/6.8.3/gcc_64/lib/libQt6QuickVectorImageGenerator.prl
2026-03-09 02:25:22,393 - aqt.updater - INFO - updater 139724444097408 Patching /home/runner/work/FreeCAD/Qt/6.8.3/gcc_64/lib/libQt6QmlDom.prl
2026-03-09 02:25:22,393 - aqt.updater - INFO - updater 139724444097408 Patching /home/runner/work/FreeCAD/Qt/6.8.3/gcc_64/lib/libQt6QuickParticles.prl
2026-03-09 02:25:22,394 - aqt.updater - INFO - updater 139724444097408 Patching /home/runner/work/FreeCAD/Qt/6.8.3/gcc_64/lib/libQt6QuickTemplates2.prl
2026-03-09 02:25:22,394 - aqt.updater - INFO - updater 139724444097408 Patching /home/runner/work/FreeCAD/Qt/6.8.3/gcc_64/lib/libQt6DesignerComponents.prl
2026-03-09 02:25:22,394 - aqt.updater - INFO - updater 139724444097408 Patching /home/runner/work/FreeCAD/Qt/6.8.3/gcc_64/lib/libQt6LabsSettings.prl
2026-03-09 02:25:22,394 - aqt.updater - INFO - updater 139724444097408 Patching /home/runner/work/FreeCAD/Qt/6.8.3/gcc_64/lib/libQt6Test.prl
2026-03-09 02:25:22,394 - aqt.updater - INFO - updater 139724444097408 Patching /home/runner/work/FreeCAD/Qt/6.8.3/gcc_64/lib/libQt6QuickControls2FusionStyleImpl.prl
2026-03-09 02:25:22,394 - aqt.updater - INFO - updater 139724444097408 Patching /home/runner/work/FreeCAD/Qt/6.8.3/gcc_64/lib/libQt6QmlCompiler.prl
2026-03-09 02:25:22,395 - aqt.updater - INFO - updater 139724444097408 Patching /home/runner/work/FreeCAD/Qt/6.8.3/gcc_64/lib/libQt6QuickControls2UniversalStyleImpl.prl
2026-03-09 02:25:22,395 - aqt.updater - INFO - updater 139724444097408 Patching /home/runner/work/FreeCAD/Qt/6.8.3/gcc_64/lib/libQt6OpenGL.prl
2026-03-09 02:25:22,395 - aqt.updater - INFO - updater 139724444097408 Patching /home/runner/work/FreeCAD/Qt/6.8.3/gcc_64/lib/libQt6LabsSharedImage.prl
2026-03-09 02:25:22,395 - aqt.updater - INFO - updater 139724444097408 Patching /home/runner/work/FreeCAD/Qt/6.8.3/gcc_64/lib/libQt6QuickControls2Impl.prl
2026-03-09 02:25:22,395 - aqt.updater - INFO - updater 139724444097408 Patching /home/runner/work/FreeCAD/Qt/6.8.3/gcc_64/lib/libQt6InputSupport.prl
2026-03-09 02:25:22,395 - aqt.updater - INFO - updater 139724444097408 Patching /home/runner/work/FreeCAD/Qt/6.8.3/gcc_64/lib/libQt6Core.prl
2026-03-09 02:25:22,395 - aqt.updater - INFO - updater 139724444097408 Patching /home/runner/work/FreeCAD/Qt/6.8.3/gcc_64/lib/libQt6QuickControls2Basic.prl
2026-03-09 02:25:22,395 - aqt.updater - INFO - updater 139724444097408 Patching /home/runner/work/FreeCAD/Qt/6.8.3/gcc_64/lib/libQt6QmlTypeRegistrar.prl
2026-03-09 02:25:22,396 - aqt.updater - INFO - updater 139724444097408 Patching /home/runner/work/FreeCAD/Qt/6.8.3/gcc_64/lib/libQt6QuickControls2Universal.prl
2026-03-09 02:25:22,396 - aqt.updater - INFO - updater 139724444097408 Patching /home/runner/work/FreeCAD/Qt/6.8.3/gcc_64/lib/libQt6Gui.prl
2026-03-09 02:25:22,396 - aqt.updater - INFO - updater 139724444097408 Patching /home/runner/work/FreeCAD/Qt/6.8.3/gcc_64/lib/libQt6QuickVectorImage.prl
2026-03-09 02:25:22,396 - aqt.updater - INFO - updater 139724444097408 Patching /home/runner/work/FreeCAD/Qt/6.8.3/gcc_64/lib/libQt6QuickControls2.prl
2026-03-09 02:25:22,396 - aqt.updater - INFO - updater 139724444097408 Patching /home/runner/work/FreeCAD/Qt/6.8.3/gcc_64/lib/libQt6Network.prl
2026-03-09 02:25:22,396 - aqt.updater - INFO - updater 139724444097408 Patching /home/runner/work/FreeCAD/Qt/6.8.3/gcc_64/lib/libQt6QuickLayouts.prl
2026-03-09 02:25:22,396 - aqt.updater - INFO - updater 139724444097408 Patching /home/runner/work/FreeCAD/Qt/6.8.3/gcc_64/lib/libQt6QuickControls2Material.prl
2026-03-09 02:25:22,397 - aqt.updater - INFO - updater 139724444097408 Patching /home/runner/work/FreeCAD/Qt/6.8.3/gcc_64/lib/libQt6QmlModels.prl
2026-03-09 02:25:22,397 - aqt.updater - INFO - updater 139724444097408 Patching /home/runner/work/FreeCAD/Qt/6.8.3/gcc_64/lib/libQt6DBus.prl
2026-03-09 02:25:22,397 - aqt.updater - INFO - updater 139724444097408 Patching /home/runner/work/FreeCAD/Qt/6.8.3/gcc_64/lib/libQt6WaylandEglClientHwIntegration.prl
2026-03-09 02:25:22,397 - aqt.updater - INFO - updater 139724444097408 Patching /home/runner/work/FreeCAD/Qt/6.8.3/gcc_64/lib/libQt6LabsAnimation.prl
2026-03-09 02:25:22,397 - aqt.updater - INFO - updater 139724444097408 Patching /home/runner/work/FreeCAD/Qt/6.8.3/gcc_64/lib/libQt6EglFsKmsGbmSupport.prl
2026-03-09 02:25:22,397 - aqt.updater - INFO - updater 139724444097408 Patching /home/runner/work/FreeCAD/Qt/6.8.3/gcc_64/lib/libQt6PrintSupport.prl
2026-03-09 02:25:22,398 - aqt.updater - INFO - updater 139724444097408 Patching /home/runner/work/FreeCAD/Qt/6.8.3/gcc_64/lib/libQt6Designer.prl
2026-03-09 02:25:22,398 - aqt.updater - INFO - updater 139724444097408 Patching /home/runner/work/FreeCAD/Qt/6.8.3/gcc_64/lib/libQt6DeviceDiscoverySupport.prl
2026-03-09 02:25:22,398 - aqt.updater - INFO - updater 139724444097408 Patching /home/runner/work/FreeCAD/Qt/6.8.3/gcc_64/lib/libQt6FbSupport.prl
2026-03-09 02:25:22,398 - aqt.updater - INFO - updater 139724444097408 Patching /home/runner/work/FreeCAD/Qt/6.8.3/gcc_64/lib/libQt6OpenGLWidgets.prl
2026-03-09 02:25:22,398 - aqt.updater - INFO - updater 139724444097408 Patching /home/runner/work/FreeCAD/Qt/6.8.3/gcc_64/lib/libQt6QuickControls2MaterialStyleImpl.prl
2026-03-09 02:25:22,398 - aqt.updater - INFO - updater 139724444097408 Patching /home/runner/work/FreeCAD/Qt/6.8.3/gcc_64/lib/libQt6QuickDialogs2Utils.prl
2026-03-09 02:25:22,398 - aqt.updater - INFO - updater 139724444097408 Patching /home/runner/work/FreeCAD/Qt/6.8.3/gcc_64/lib/libQt6QmlXmlListModel.prl
2026-03-09 02:25:22,398 - aqt.updater - INFO - updater 139724444097408 Patching /home/runner/work/FreeCAD/Qt/6.8.3/gcc_64/lib/libQt6QmlDebug.prl
2026-03-09 02:25:22,399 - aqt.updater - INFO - updater 139724444097408 Patching /home/runner/work/FreeCAD/Qt/6.8.3/gcc_64/lib/libQt6KmsSupport.prl
2026-03-09 02:25:22,399 - aqt.updater - INFO - updater 139724444097408 Patching /home/runner/work/FreeCAD/Qt/6.8.3/gcc_64/lib/libQt6LabsWavefrontMesh.prl
2026-03-09 02:25:22,399 - aqt.updater - INFO - updater 139724444097408 Patching /home/runner/work/FreeCAD/Qt/6.8.3/gcc_64/lib/libQt6WlShellIntegration.prl
2026-03-09 02:25:22,399 - aqt.updater - INFO - updater 139724444097408 Patching /home/runner/work/FreeCAD/Qt/6.8.3/gcc_64/lib/libQt6QuickControls2BasicStyleImpl.prl
2026-03-09 02:25:22,399 - aqt.main - INFO - installer 139724444097408 Finished installation
2026-03-09 02:25:22,399 - aqt.main - INFO - installer 139724444097408 Time elapsed: 19.76113442 second
